npm notice run vladcase@0.1.0 test:e2e
npm notice run playwright test
[WebServer] npm notice run vladcase@0.1.0 start
[WebServer] npm notice run next start --port 3100 --hostname 127.0.0.1

Running 15 tests using 1 worker

  ok  1 tests\economy.spec.ts:10:5 › Upgrader navigation is internal and leads to the upgrade page (455ms)
  ok  2 tests\economy.spec.ts:25:5 › upgrader commits the outcome before animation and survives reload (5.7s)
  ok  3 tests\economy.spec.ts:105:5 › opening saves before animation, survives reload, and sells once (659ms)
  ok  4 tests\economy.spec.ts:133:5 › normal opening animates reel and does not skip prematurely (6.0s)
  ok  5 tests\economy.spec.ts:150:5 › quick opening, keyboard dismissal, repeat opening, and selling (7.3s)
  ok  6 tests\economy.spec.ts:167:5 › two tabs preserve concurrent credits (769ms)
  ok  7 tests\economy.spec.ts:190:5 › corrupt data stays untouched and blocks spending (337ms)
  ok  8 tests\economy.spec.ts:201:5 › reduced motion skips the reel and mobile layout fits (433ms)
  ok  9 tests\economy.spec.ts:219:5 › storage failure does not charge or award, and retry works (1.5s)
  ok 10 tests\economy.spec.ts:248:5 › unsupported locks block mutations (324ms)
  ok 11 tests\economy.spec.ts:259:5 › large inventory paginates, filters, sorts, and resets visible count (704ms)
  ok 12 tests\economy.spec.ts:315:5 › resize completes reveal once; preview focus stays inside dialog (6.2s)
  ok 13 tests\economy.spec.ts:346:5 › local artwork loads and broken images have a stable fallback (474ms)
  ok 14 tests\economy.spec.ts:371:5 › simultaneous sales in two tabs credit an instance once (779ms)
  ok 15 tests\economy.spec.ts:413:5 › sell-all and reset honor confirmation; screenshots show local artwork (2.7s)

  15 passed (36.4s)
